[97, 98, 123, 456, 789]
Process exits with the code 0.
