1
[114514, 2, 3]
998244353
[114514, 2, 3]
Process exits with the code 0.