[[[1], null, null], [null, null, null]]
Process exits with the code 0.