[a, b, c, d]
[null, null]
Process exits with the code 34.