[[1, 2], [3, 4]]
[[114514, 2], [3, 4]]
Process exits with the code 0.