[[11], [yaju, 45], [senpai, 14, yamanomori], null]
[[, , ], null, null]
[[11, hi, good], null, null]
Process exits with the code 34.