[[a, b, c, d], [b, c, d, e], [c, d, e, f]]
[a, b, c, d]
Process exits with the code 0.