------------------------------------------
Before :
[[3, 2, 1, 0], [0, 0, 0, 0], [0, 0, 0, 0]]
------------------------------------------
move 1 from A to C
[[3, 2, 0, 0], [0, 0, 0, 0], [1, 0, 0, 0]]
move 2 from A to B
[[3, 0, 0, 0], [2, 0, 0, 0], [1, 0, 0, 0]]
move 1 from C to B
[[3, 0, 0, 0], [2, 1, 0, 0], [0, 0, 0, 0]]
move 3 from A to C
[[0, 0, 0, 0], [2, 1, 0, 0], [3, 0, 0, 0]]
move 1 from B to A
[[1, 0, 0, 0], [2, 0, 0, 0], [3, 0, 0, 0]]
move 2 from B to C
[[1, 0, 0, 0], [0, 0, 0, 0], [3, 2, 0, 0]]
move 1 from A to C
[[0, 0, 0, 0], [0, 0, 0, 0], [3, 2, 1, 0]]
------------------------------------------
After :
[[0, 0, 0, 0], [0, 0, 0, 0], [3, 2, 1, 0]]
------------------------------------------
Process exits with the code 0.
