[[50, 60], [30, 40]]
[50, 60]
---------------------
[4, 5]
[4, 5]
n == m
[4, 5]
[6, 7]
n != m
---------------------
[null, null]
null
[[2, 3], null]
null
[[2, 3], [4, 5]]
null
---------------------
[[100, 2], [100, 2]]
Process exits with the code 0.