12356789
1234567
12356789
1234567
12356789
1234567
Process exits with the code 114514.