[[[1, 2, 3, 100], [1, 2, 3, 100]], null, [[1, 2, 3, 100], [1, 2, 3, 100]]]
stringSTring
1234567
Process exits with the code 0.