2
3
5
7
11
13
17
97
101
103
Process exits with the code 0.