[[[1, 97], null], [[3, 4], [5, 6]]]
Process exits with the code 0.