[[1069, 1558], [2337, 3406]]
Process exits with the code 0.