[[1, 2, 3, -1], [1, 2, 3, -1]]
[[1, 2, 3, 4], [1, 2, 3, 4]]
[[1, 2, 3, 4], [5, 6, 7, 8]]
[[1, 2, 3, 4], [5, 6, 7, 8]]
Process exits with the code 0.