1
true
public cases
a
Process exits with the code 0.