10
100
107
string + 100
Process exits with the code 0.