a
z
11834
11834
true
Process exits with the code 0.