2
5
-5
asdefgfalseA114
2sd
true of false
Process exits with the code 0.