1 3 6 3 3 3 0 3 3
1 3 6 3 3 3 0 3 3
1 3 6 3 3 3 0 3 3
Process exits with the code 0.