You used DragonDance!
DragonDance!
You used DragonDance!
DragonDance!
You used Fireball!
Fireball!
You used IceSpike!
IceSpike!
You used DragonDance!
DragonDance!
You used IceSpike!
IceSpike!
You used Fireball!
Fireball!
Process exits with the code 0.
