Super
222
114514
Super
2114514
C2
C1
Process exits with the code 0.
