A114514!114514!!nullnullnullnullnullnullABCD114514??nullXYY!Y![1, 2, 3][true, false, true][A, B, C, D][a, b, c, d][null, [1, 2, 3]]Process exits with the code 0.