A
114514!
114514!!
null
null
null
null
null
null
A
B
C
D
114514??
Process exits with the code 0.
