114514?
114514?
?
Hello, I am a cool guy with mysterious number: 3.
Hello, I am a human.
unnamed?
Process exits with the code 0.