[null, null, null]
[[1, 2, 3], [4, 5, 6], [7, 8, 9]]
Process exits with the code 0.
