[hello, world, how, are, 123, a]
Process exits with the code 0.
