[114514, 998244, 3]
[114514, 998244, 3]
Process exits with the code 0.