true
true
true
false
true
true
Process exits with the code 0.
