A
hello
hello
null
AhellohellonullProcess exits with the code 0.
