null
null
[1, 2, 3, 4, 5]
[1, 2, 3, 4, 5]
[97, 98, 99, 100, 101]
[1, 2, 3, 4, 5]
[0, 0, 0, 0, 0]
[0, 0, 0, 0, 0]
[[1, 2], [3, 4]]
[null, null]
[null, null]
true
false
true
[1, 2, 3]
null
[1, 2, 3]
[0, 0, 0]
Process exits with the code 34.