1aHellonull[1, 2, 3][[1, 2], [3, 4]]null[1, 2, 3][1, 2, 3]Process exits with the code 0.