1
a
123
true
[1, 2, 3]
Process exits with the code 34.
