Stack size: 3
Top item: Third
Popping items:
Third
Second
First
Stack is empty? true
Process exits with the code 0.
