Book1 Title: Unknown
Book1 Author: Unknown
Book1 Price: 0
Book2 Title: Amatka
Book2 Author: Karin Tidbeck
Book2 Price: 0
Book3 Title: Altered Carbon
Book3 Author: Richard K. Morgan
Book3 Price: 19
Process exits with the code 0.