13
0
?
false
a
13
114514
?
false
a
Process exits with the code 0.