scope a
scope b
1
b
Process exits with the code 0.