10
false
true
false
Process exits with the code 0.