17
-7
48
2
2
16
17
17
16
17
5
78
70
64
4
4
false
true
true
false
true
false
true
false
-2
1
false
Process exits with the code 1.