114514
114514
344555
3
Process exits with the code 0.