115
-114
-114
-114
114515
-114515
Process exits with the code 0.